// Jest Snapshot v1, https://goo.gl/fbAQLP

exports[`createClient 1`] = `[Function]`;
