// Jest Snapshot v1, https://goo.gl/fbAQLP

exports[`getUser2 1`] = `
Object {
  "avatar_url": "https://assets.gitlab-static.net/uploads/-/system/user/avatar/3058287/avatar.png",
  "bio": "",
  "can_create_group": true,
  "can_create_project": true,
  "color_scheme_id": 1,
  "confirmed_at": "2018-10-29T16:20:28.744Z",
  "created_at": "2018-10-29T16:20:20.833Z",
  "current_sign_in_at": "2019-01-30T22:13:16.862Z",
  "email": "hugo.raynal@sterblue.com",
  "external": false,
  "id": 3058287,
  "identities": Array [],
  "last_activity_on": "2019-01-30",
  "last_sign_in_at": "2019-01-29T10:57:09.542Z",
  "linkedin": "https://www.linkedin.com/in/hugoraynal/",
  "location": "Nantes",
  "name": "Hugo Raynal",
  "organization": "Sterblue",
  "private_profile": false,
  "projects_limit": 100000,
  "public_email": "",
  "shared_runners_minutes_limit": null,
  "skype": "",
  "state": "active",
  "theme_id": 1,
  "twitter": "",
  "two_factor_enabled": false,
  "username": "hugo.raynal",
  "web_url": "https://gitlab.com/hugo.raynal",
  "website_url": "",
}
`;
